
> secure-service-marketplace@1.0.0 build
> next build

  Γû▓ Next.js 14.2.35
  - Environments: .env
  - Experiments (use with caution):
    ┬╖ cpus

   Creating an optimized production build ...
 Γ£ô Compiled successfully
   Skipping validation of types
   Skipping linting
   Collecting page data ...
node.exe : (node:17944) [DEP0169] DeprecationWarning: `url.parse()` behavior is not standardized and prone to errors 
that have security implications. Use the WHATWG URL API instead. CVEs are not issued for `url.parse()` vulnerabilities.
At line:1 char:1
+ & "C:\Program Files\nodejs/node.exe" "C:\Program Files\nodejs/node_mo ...
+ ~~~~~~~~~~~~~~~~~~~~~~~~~~~~~~~~~~~~~~~~~~~~~~~~~~~~~~~~~~~~~~~~~~~~~
    + CategoryInfo          : NotSpecified: ((node:17944) [D...ulnerabilities.:String) [], RemoteException
    + FullyQualifiedErrorId : NativeCommandError
 
(Use `node --trace-deprecation ...` to show where the warning was created)
[EMAIL SERVICE] Initialized with Host: smtp.gmail.com, Port: 587, User: MISSING
Supabase credentials missing. Cloud storage will be disabled.
Error: supabaseUrl is required.
    at C:\Users\t3sfo\Projects\secure-marketplace\.next\server\chunks\6765.js:37:48144
    at new rI (C:\Users\t3sfo\Projects\secure-marketplace\.next\server\chunks\6765.js:37:48395)
    at rx (C:\Users\t3sfo\Projects\secure-marketplace\.next\server\chunks\6765.js:37:52135)
    at 20969 
(C:\Users\t3sfo\Projects\secure-marketplace\.next\server\app\api\companies\[id]\documents\route.js:1:10039)
    at t (C:\Users\t3sfo\Projects\secure-marketplace\.next\server\webpack-runtime.js:1:128)
    at 99361 (C:\Users\t3sfo\Projects\secure-marketplace\.next\server\app\api\companies\[id]\documents\route.js:1:1602)
    at t (C:\Users\t3sfo\Projects\secure-marketplace\.next\server\webpack-runtime.js:1:128)
    at s (C:\Users\t3sfo\Projects\secure-marketplace\.next\server\app\api\companies\[id]\documents\route.js:1:13862)
    at C:\Users\t3sfo\Projects\secure-marketplace\.next\server\app\api\companies\[id]\documents\route.js:1:13920
    at t.X (C:\Users\t3sfo\Projects\secure-marketplace\.next\server\webpack-runtime.js:1:1206)

> Build error occurred
Error: Failed to collect page data for /api/companies/[id]/documents
    at C:\Users\t3sfo\Projects\secure-marketplace\node_modules\next\dist\build\utils.js:1269:15
    at process.processTicksAndRejections (node:internal/process/task_queues:104:5) {
  type: 'Error'
}
